// Jest Snapshot v1, https://goo.gl/fbAQLP

exports[`renders correctly 1`] = `
<main
  className="sc-bdVaJa bhqfqN"
>
  Hi :3
</main>
`;
